******************************************************************************
            TI ARM Clang Linker PC v3.2.2                      
******************************************************************************
>> Linked Wed Apr 22 23:31:58 2026

OUTPUT FILE NAME:   <simple_peripheral.out>
ENTRY POINT SYMBOL: "_c_int00"  address: 00023061


MEMORY CONFIGURATION

         name            origin    length      used     unused   attr    fill
----------------------  --------  ---------  --------  --------  ----  --------
  FLASH                 00000000   000fc000  0002e170  000cde90  R  X
  NVS_SLOT              000fc000   00004000  00000000  00004000  R  X
  SRAM                  20000000   00040000  0000507c  0003af84  RW X
  CCFG                  50000000   00000800  0000007c  00000784  RW  


SEGMENT ALLOCATION MAP

run origin  load origin   length   init length attrs members
----------  ----------- ---------- ----------- ----- -------
00000000    00000000    0002a170   0002a170    r-x
  00000000    00000000    0000003c   0000003c    r-- .resetVecs
  0000003c    0000003c    000285d4   000285d4    r-x .text
  00028610    00028610    00001574   00001574    r-- .rodata
  00029b84    00029b84    00000008   00000008    r-- .log_data
  00029b8c    00029b8c    000005e4   000005e4    r-- .cinit
00048000    00048000    00004000   00000000    rw-
  00048000    00048000    00004000   00000000    rw- .TI.bound:flashBuf0
20000430    20000430    00000020   00000000    rw-
  20000430    20000430    00000010   00000000    rw- .TI.bound:dmaSpi0RxControlTableEntry
  20000440    20000440    00000010   00000000    rw- .TI.bound:dmaSpi0TxControlTableEntry
20000530    20000530    00000020   00000000    rw-
  20000530    20000530    00000010   00000000    rw- .TI.bound:dmaSpi2RxControlTableEntry
  20000540    20000540    00000010   00000000    rw- .TI.bound:dmaSpi2TxControlTableEntry
20000630    20000630    00000020   00000000    rw-
  20000630    20000630    00000010   00000000    rw- .TI.bound:dmaSpi0RxAltControlTableEntry
  20000640    20000640    00000010   00000000    rw- .TI.bound:dmaSpi0TxAltControlTableEntry
20000730    20000730    00000020   00000000    rw-
  20000730    20000730    00000010   00000000    rw- .TI.bound:dmaSpi2RxAltControlTableEntry
  20000740    20000740    00000010   00000000    rw- .TI.bound:dmaSpi2TxAltControlTableEntry
20000800    20000800    00004a96   00000000    rw-
  20000800    20000800    000014f4   00000000    rw- .data
  20001cf8    20001cf8    0000359e   00000000    rw- .bss
20005300    20005300    000000fc   00000000    rw-
  20005300    20005300    000000fc   00000000    rw- .ramVecs
2003fc00    2003fc00    00000400   00000000    rw-
  2003fc00    2003fc00    00000400   00000000    rw- .stack
50000000    50000000    0000007c   0000007c    r--
  50000000    50000000    0000007c   0000007c    r-- .ccfg


SECTION ALLOCATION MAP

 output                                  attributes/
section   page    origin      length       input sections
--------  ----  ----------  ----------   ----------------
.resetVecs 
*          0    00000000    0000003c     
                  00000000    0000003c     ti_sysbios_config.o (.resetVecs)

.text      0    0000003c    000285d4     
                  0000003c    00000b48     StackWrapper.a : gapbondmgr.o (.text)
                  00000b84    00000a58     simple_peripheral.o (.text.SimplePeripheral_taskFxn)
                  000015dc    0000086c     libc.a : _printfi.c.obj (.text:__TI_printfi_nofloat)
                  00001e48    000007e4     OneLib.a : ble.o (.text)
                  0000262c    000006fc              : ll_adv_end_causes.o (.text)
                  00002d28    000006ec     StackWrapper.a : gapbondmgr.o (.text)
                  00003414    00000538     nvocmp.o (.text.NVOCMP_compactPage)
                  0000394c    00000514     nvocmp.o (.text.NVOCMP_initNvApi)
                  00003e60    000004fc     OneLib.a : ll_peripheral_end_causes.o (.text)
                  0000435c    000004f0     afe.o (.text.AFE_processSamples)
                  0000484c    000004b0     OneLib.a : ll_ae.o (.text)
                  00004cfc    00000480     rf_multiMode_cc26x4.a : RFCC26X2_multiMode.c.cc26x4.ticlang.o (.text.RF_fsmActiveState)
                  0000517c    00000478     OneLib.a : ll_peripheral_end_causes.o (.text)
                  000055f4    0000038c              : ll_peripheral_end_causes.o (.text)
                  00005980    00000384     adxl366.o (.text.ADXL366_updateSteps)
                  00005d04    0000033c     drivers_cc26x4.a : SPICC26X4DMA.c.obj (.text.SPICC26X4DMA_transfer)
                  00006040    00000304     OneLib.a : ll_scheduler.o (.text)
                  00006344    000002e4              : ll.o (.text)
                  00006628    000002c8     StackWrapper.a : gapbondmgr.o (.text)
                  000068f0    000002c2     OneLib.a : ll_isr.o (.text)
                  00006bb2    00000002     ti_sysbios_config.o (.text.BIOS_nullFunc)
                  00006bb4    000002ac     OneLib.a : ll_ae.o (.text)
                  00006e60    000002a4              : ll.o (.text)
                  00007104    00000280              : ll.o (.text)
                  00007384    0000025c     StackWrapper.a : gapbondmgr.o (.text)
                  000075e0    00000258     OneLib.a : hci_event.o (.text)
                  00007838    00000250              : ll_common.o (.text)
                  00007a88    0000024c     nvocmp.o (.text.NVOCMP_addItem)
                  00007cd4    0000024c     rf_multiMode_cc26x4.a : RFCC26X2_multiMode.c.cc26x4.ticlang.o (.text.RF_open)
                  00007f20    00000238     OneLib.a : ll_common.o (.text)
                  00008158    00000218              : gattservapp.o (.text)
                  00008370    00000204              : sm_pairing.o (.text)
                  00008574    000001fc     drivers_cc26x4.a : AESCCMCC26X4.c.obj (.text.AESCCM_addAADInternal)
                  00008770    000001ec     OneLib.a : ll.o (.text)
                  0000895c    000001e8     rf_multiMode_cc26x4.a : RFCC26X2_multiMode.c.cc26x4.ticlang.o (.text.RF_scheduleCmd)
                  00008b44    000001dc     drivers_cc26x4.a : ECDHCC26X2.c.obj (.text.ECDHCC26X2_hwiFxn)
                  00008d20    000001dc     rf_multiMode_cc26x4.a : RFCC26X2_multiMode.c.cc26x4.ticlang.o (.text.RF_dispatchNextCmd)
                  00008efc    000001dc     OneLib.a : sm_rsppairing.o (.text)
                  000090d8    000001cc              : gatt_client.o (.text)
                  000092a4    000001c8              : ll.o (.text)
                  0000946c    000001c8              : ll_isr.o (.text)
                  00009634    000001bc     drivers_cc26x4.a : SPICC26X4DMA.c.obj (.text.SPICC26X4DMA_hwiFxn)
                  000097f0    000001b8     OneLib.a : ll_data.o (.text)
                  000099a8    000001b0              : ll_adv_end_causes.o (.text)
                  00009b58    000001ac              : ll_scheduler.o (.text)
                  00009d04    000001ac     StackWrapper.a : osal.o (.text)
                  00009eb0    000001a8     OneLib.a : gap_advertiser.o (.text)
                  0000a058    000001a0              : ll_common.o (.text)
                  0000a1f8    00000194     drivers_cc26x4.a : PowerCC26X2_calibrateRCOSC.c.obj (.text.PowerCC26X2_auxISR)
                  0000a38c    00000194     OneLib.a : ll_common.o (.text)
                  0000a520    0000018c     driverlib.lib : pka.c.obj (.text.NOROM_PKAEccVerifyPublicKeyWeierstrassStart)
                  0000a6ac    00000188     drivers_cc26x4.a : AESECBCC26XX.c.obj (.text.AESECB_addDataInternal)
                  0000a834    00000180     OneLib.a : ll_isr.o (.text)
                  0000a9b4    0000017c     nvocmp.o (.text.NVOCMP_findItem)
                  0000ab30    0000017c     OneLib.a : gattservapp.o (.text)
                  0000acac    00000178              : ll_common.o (.text)
                  0000ae24    00000174     drivers_cc26x4.a : ECDHCC26X2.c.obj (.text.ECDH_computeSharedSecret)
                  0000af98    00000174     OneLib.a : gap_task.o (.text)
                  0000b10c    00000170     afe.o (.text.AFE_init)
                  0000b27c    00000170     OneLib.a : ll.o (.text)
                  0000b3ec    00000168              : ll_scheduler.o (.text)
                  0000b554    00000164              : ll_scheduler.o (.text)
                  0000b6b8    00000164              : sm_task.o (.text)
                  0000b81c    0000015c     icall.o (.text.ICall_waitMatch)
                  0000b978    0000015c     OneLib.a : l2cap_task.o (.text)
                  0000bad4    0000015c              : sm_mgr.o (.text)
                  0000bc30    00000158     drivers_cc26x4.a : SPICC26X4DMA.c.obj (.text.configNextTransfer)
                  0000bd88    00000154     simple_peripheral_menu.o (.text.SimplePeripheral_buildMenu)
                  0000bedc    00000154     OneLib.a : ll_isr.o (.text)
                  0000c030    0000014c     rf_multiMode_cc26x4.a : RFCC26X2_multiMode.c.cc26x4.ticlang.o (.text.RF_radioOpDoneCb)
                  0000c17c    0000014c     drivers_cc26x4.a : SPICC26X4DMA.c.obj (.text.SPICC26X4DMA_open)
                  0000c2c8    0000014c     OneLib.a : gap_advertiser.o (.text)
                  0000c414    0000014c              : gatt_server.o (.text)
                  0000c560    0000014c              : ll_common.o (.text)
                  0000c6ac    0000014c              : ll_isr.o (.text)
                  0000c7f8    00000148     drivers_cc26x4.a : PowerCC26X2.c.obj (.text.Power_sleep)
                  0000c940    00000144                      : AESCTRCC26XX.c.obj (.text.AESCTR_processData)
                  0000ca84    00000144     rf_multiMode_cc26x4.a : RFCC26X2_multiMode.c.cc26x4.ticlang.o (.text.RF_updatePaConfiguration)
                  0000cbc8    00000144     OneLib.a : gattservapp.o (.text)
                  0000cd0c    00000140     StackWrapper.a : gap.o (.text)
                  0000ce4c    0000013c     rf_multiMode_cc26x4.a : RFCC26X2_multiMode.c.cc26x4.ticlang.o (.text.RF_abortCmd)
                  0000cf88    00000136     OneLib.a : sm_mgr.o (.text)
                  0000d0be    00000002     ti_drivers_config.o (.text.Board_initHook)
                  0000d0c0    00000134     rf_multiMode_cc26x4.a : RFCC26X2_multiMode.c.cc26x4.ticlang.o (.text.RF_ratSetupChannel)
                  0000d1f4    00000130     drivers_cc26x4.a : AESCCMCC26X4.c.obj (.text.AESCCM_addDataInternal)
                  0000d324    00000130     OneLib.a : ll_ae.o (.text)
                  0000d454    0000012c     ble_user_config_stack.o (.text.setBleUserConfig)
                  0000d580    0000012c     OneLib.a : gattservapp.o (.text)
                  0000d6ac    0000012c              : ll_common.o (.text)
                  0000d7d8    00000124     adxl366.o (.text.ADXL366_init)
                  0000d8fc    00000124     rf_multiMode_cc26x4.a : RFCC26X2_multiMode.c.cc26x4.ticlang.o (.text.RF_fsmSetupState)
                  0000da20    00000124     drivers_cc26x4.a : TRNGCC26XX.c.obj (.text.TRNGCC26XX_hwiFxn)
                  0000db44    00000120     ti_sysbios_config.o (.text.ti_sysbios_family_arm_v8m_cc26x4_Timer_construct)
                  0000dc64    00000120     StackWrapper.a : osal.o (.text)
                  0000dd84    0000011c     drivers_cc26x4.a : NVSCC26XX.c.obj (.text.NVSCC26XX_write)
                  0000dea0    0000011c     OneLib.a : sm_rsppairing.o (.text)
                  0000dfbc    0000011a              : l2cap_task.o (.text)
                  0000e0d6    00000002     ble_user_config.o (.text.DefaultAssertCback)
                  0000e0d8    00000118     drivers_cc26x4.a : PowerCC26X2.c.obj (.text.Power_init)
                  0000e1f0    00000118     rf_multiMode_cc26x4.a : RFCC26X2_multiMode.c.cc26x4.ticlang.o (.text.RF_decodeOverridePointers)
                  0000e308    00000118     drivers_cc26x4.a : SPICC26X4DMA.c.obj (.text.SPICC26X4DMA_control)
                  0000e420    00000118     OneLib.a : gattservapp.o (.text)
                  0000e538    00000114     driverlib.lib : setup_rom.c.obj (.text.NOROM_SetupAfterColdResetWakeupFromShutDownCfg3)
                  0000e64c    00000110     OneLib.a : gattservapp.o (.text)
                  0000e75c    0000010c     main.o (.text.AssertHandler)
                  0000e868    0000010c     drivers_cc26x4.a : GPIOCC26X4.c.obj (.text.GPIO_init)
                  0000e974    0000010c     driverlib.lib : setup_rom.c.obj (.text.NOROM_SetupAfterColdResetWakeupFromShutDownCfg2)
                  0000ea80    0000010c                   : pka.c.obj (.text.PKAGetECCResult)
                  0000eb8c    0000010c     drivers_cc26x4.a : PowerCC26X2_calibrateRCOSC.c.obj (.text.PowerCC26X2_calibrate)
                  0000ec98    0000010c     OneLib.a : ll_isr.o (.text)
                  0000eda4    00000108     drivers_cc26x4.a : AESCCMCC26X4.c.obj (.text.AESCCM_getResult)
                  0000eeac    00000108     nvocmp.o (.text.NVOCMP_cleanPage)
                  0000efb4    00000108     OneLib.a : gatt_server.o (.text)
                  0000f0bc    00000108              : ll_isr.o (.text)
                  0000f1c4    00000106              : gatt_client.o (.text)
                  0000f2ca    00000002     simple_peripheral.o (.text.Display_doClearLines)
                  0000f2cc    00000104     drivers_cc26x4.a : ECDHCC26X2.c.obj (.text.ECDH_generatePublicKey)
                  0000f3d0    00000104     sysbios.a : Hwi_asm_gcc.s.obj (.text.ti_sysbios_family_arm_v8m_Hwi_dispatch)
                  0000f4d4    00000104     OneLib.a : ll_adv_end_causes.o (.text)
                  0000f5d8    00000104              : ll_ae.o (.text)
                  0000f6dc    00000102     drivers_cc26x4.a : AESCTRDRBGXX.c.obj (.text.AESCTRDRBG_getRandomBytes)
                  0000f7de    00000102                      : SPICC26X4DMA.c.obj (.text.csnCallback)
                  0000f8e0    00000100     driverlib.lib : setup.c.obj (.text.NOROM_SetupTrimDevice)
                  0000f9e0    00000100     rf_multiMode_cc26x4.a : RFCC26X2_multiMode.c.cc26x4.ticlang.o (.text.RF_fsmPowerUpState)
                  0000fae0    00000100     OneLib.a : ll_common.o (.text)
                  0000fbe0    000000fc     rf_multiMode_cc26x4.a : RFCC26X2_multiMode.c.cc26x4.ticlang.o (.text.RF_hwiCpe0Active)
                  0000fcdc    000000fc     OneLib.a : ll.o (.text)
                  0000fdd8    000000f8              : sm_rsppairing.o (.text)
                  0000fed0    000000f6              : sm_mgr.o (.text)
                  0000ffc6    00000002     simple_peripheral.o (.text.Display_doPrintf)
                  0000ffc8    000000f4     drivers_cc26x4.a : TRNGCC26XX.c.obj (.text.TRNG_getRandom)
                  000100bc    000000f4     OneLib.a : gap_linkmgr.o (.text)
                  000101b0    000000f0     driverlib.lib : pka.c.obj (.text.PKAWritePkaParam)
                  000102a0    000000ec     OneLib.a : sm_pairing.o (.text)
                  0001038c    000000e8     drivers_cc26x4.a : AESCTRDRBGXX.c.obj (.text.AESCTRDRBG_construct)
                  00010474    000000e8     OneLib.a : gap_advertiser.o (.text)
                  0001055c    000000e8              : ll.o (.text)
                  00010644    000000e8              : ll_data.o (.text)
                  0001072c    000000e8              : ll_isr.o (.text)
                  00010814    000000e6              : gapgattserver.o (.text)
                  000108fa    000000e6              : ll_al.o (.text)
                  000109e0    000000e4     drivers_cc26x4.a : AESCCMCC26X4.c.obj (.text.AESCCM_startOperation)
                  00010ac4    000000e4     ti_sysbios_config.o (.text.ti_sysbios_knl_Semaphore_pend)
                  00010ba8    000000e4     OneLib.a : gatt_client.o (.text)
                  00010c8c    000000e4              : ll_scheduler.o (.text)
                  00010d70    000000e4              : sm_pairing.o (.text)
                  00010e54    000000e0     driverlib.lib : sys_ctrl.c.obj (.text.NOROM_SysCtrlStandby)
                  00010f34    000000e0     ti_sysbios_config.o (.text.ti_sysbios_knl_Event_pend)
                  00011014    000000e0     OneLib.a : hci_event.o (.text)
                  000110f4    000000e0              : ll.o (.text)
                  000111d4    000000e0              : ll_ae.o (.text)
                  000112b4    000000e0              : ll_isr.o (.text)
                  00011394    000000e0     StackWrapper.a : osal_timers.o (.text)
                  00011474    000000dc     rf_multiMode_cc26x4.a : RFCC26X2_multiMode.c.cc26x4.ticlang.o (.text.RF_control)
                  00011550    000000dc     OneLib.a : att_util.o (.text)
                  0001162c    000000dc              : gap_linkmgr.o (.text)
                  00011708    000000dc              : hci_event.o (.text)
                  000117e4    000000dc              : hci_event.o (.text)
                  000118c0    000000dc              : ll_common.o (.text)
                  0001199c    000000d8     devinfoservice.o (.text.DevInfo_SetParameter)
                  00011a74    000000d8     ti_ble_config.o (.text.setBondManagerParameters)
                  00011b4c    000000d8     ti_sysbios_config.o (.text.ti_sysbios_family_arm_v8m_Hwi_excFillContext)
                  00011c24    000000d8     OneLib.a : sm_pairing.o (.text)
                  00011cfc    000000d6     drivers_cc26x4.a : AESCTRDRBGXX.c.obj (.text.AESCTRDRBG_reseed)
                  00011dd2    000000d6     OneLib.a : sm_mgr.o (.text)
                  00011ea8    000000d4     drivers_cc26x4.a : SPICC26X4DMA.c.obj (.text.initHw)
                  00011f7c    000000d0                      : PowerCC26X2.c.obj (.text.configureXOSCHF)
                  0001204c    000000d0     OneLib.a : ll.o (.text)
                  0001211c    000000d0              : sm_mgr.o (.text)
                  000121ec    000000cc              : gapgattserver.o (.text)
                  000122b8    000000cc              : hci_event.o (.text)
                  00012384    000000cc              : ll_common.o (.text)
                  00012450    000000ca              : sm_mgr.o (.text)
                  0001251a    00000002     rom_init.o (.text.MAP_LL_SDAA_HandleSDAALastCmdDone)
                  0001251c    000000c8     OneLib.a : ll_ae.o (.text)
                  000125e4    000000c8              : ll_scheduler.o (.text)
                  000126ac    000000c8              : sm_mgr.o (.text)
                  00012774    000000c8              : sm_pairing.o (.text)
                  0001283c    000000c8              : sm_rsppairing.o (.text)
                  00012904    000000c8              : sm_rsppairing.o (.text)
                  000129cc    000000c4              : gap_advertiser.o (.text)
                  00012a90    000000c4              : ll_ae.o (.text)
                  00012b54    000000c4              : sm_pairing.o (.text)
                  00012c18    000000c0     driverlib.lib : aes.c.obj (.text.NOROM_AESWriteToKeyStore)
                  00012cd8    000000c0     drivers_cc26x4.a : PowerCC26X2.c.obj (.text.Power_releaseDependency)
                  00012d98    000000c0     OneLib.a : hci_event.o (.text)
                  00012e58    000000c0              : hci_event.o (.text)
                  00012f18    000000c0              : ll_ae.o (.text)
                  00012fd8    000000c0              : ll_enc.o (.text)
                  00013098    000000c0              : ll_scheduler.o (.text)
                  00013158    000000be              : gap_linkmgr.o (.text)
                  00013216    000000be              : ll_ae.o (.text)
                  000132d4    000000bc     drivers_cc26x4.a : PowerCC26X2.c.obj (.text.Power_setDependency)
                  00013390    000000bc     rf_multiMode_cc26x4.a : RFCC26X2_multiMode.c.cc26x4.ticlang.o (.text.RF_swiHw)
                  0001344c    000000bc     OneLib.a : gap_advertiser.o (.text)
                  00013508    000000bc              : hci_event.o (.text)
                  000135c4    000000bc              : hci_event.o (.text)
                  00013680    000000bc              : ll_common.o (.text)
                  0001373c    000000bc              : sm_rsppairing.o (.text)
                  000137f8    000000b8     simple_peripheral.o (.text.SimplePeripheral_menuSwitchCb)
                  000138b0    000000b8     devinfoservice.o (.text.devInfo_ReadAttrCB)
                  00013968    000000b8     ti_sysbios_config.o (.text.ti_sysbios_knl_Task_Instance_finalize)
                  00013a20    000000b8     ti_sysbios_config.o (.text.ti_sysbios_knl_Task_setPri)
                  00013ad8    000000b8     OneLib.a : l2cap_task.o (.text)
                  00013b90    000000b8     StackWrapper.a : gapbondmgr.o (.text)
                  00013c48    000000b8                    : gattservapp_util.o (.text)
                  00013d00    000000b4     OneLib.a : gatt_client.o (.text)
                  00013db4    000000b4              : ll_ecc.o (.text)
                  00013e68    000000b4     StackWrapper.a : osal.o (.text)
                  00013f1c    000000b2     OneLib.a : gatt_server.o (.text)
                  00013fce    00000002     rom_init.o (.text.MAP_LL_SDAA_Init)
                  00013fd0    000000b0     icall.o (.text.ICall_heapMalloc)
                  00014080    000000b0     OneLib.a : gap_linkmgr.o (.text)
                  00014130    000000b0              : gatt_server.o (.text)
                  000141e0    000000b0              : gattservapp.o (.text)
                  00014290    000000b0              : ll_common.o (.text)
                  00014340    000000b0     StackWrapper.a : gapbondmgr.o (.text)
                  000143f0    000000b0                    : gattservapp_util.o (.text)
                  000144a0    000000b0     libclang_rt.builtins.a : udivmoddi4.S.obj (.text)
                  00014550    000000ac     ti_sysbios_config.o (.text.PowerCC26XX_standbyPolicy)
                  000145fc    000000ac     rf_multiMode_cc26x4.a : RFCC26X2_multiMode.c.cc26x4.ticlang.o (.text.RF_pendCmd)
                  000146a8    000000ac     OneLib.a : gattservapp.o (.text)
                  00014754    000000ac              : l2cap_util.o (.text)
                  00014800    000000ac     StackWrapper.a : gapbondmgr.o (.text)
                  000148ac    000000ac                    : osal_cbtimer.o (.text)
                  00014958    000000aa     OneLib.a : sm_mgr.o (.text)
                  00014a02    000000aa              : smp.o (.text)
                  00014aac    000000a8     drivers_cc26x4.a : AESCCMCC26X4.c.obj (.text.AESCCM_hwiFxn)
                  00014b54    000000a8                      : SPICC26X4DMA.c.obj (.text.finishTransfer)
                  00014bfc    000000a8     OneLib.a : gatt_task.o (.text)
                  00014ca4    000000a8              : gattservapp.o (.text)
                  00014d4c    000000a8              : gattservapp.o (.text)
                  00014df4    000000a8              : hci_data.o (.text)
                  00014e9c    000000a8              : ll_ae.o (.text)
                  00014f44    000000a8              : ll_common.o (.text)
                  00014fec    000000a6              : smp.o (.text)
                  00015092    000000a4     drivers_cc26x4.a : AESCTRCC26XX.c.obj (.text.AESCTR_startOneStepOperation)
                  00015136    00000002     rom_init.o (.text.MAP_LL_SDAA_RecordTxUsage)
                  00015138    000000a4     drivers_cc26x4.a : GPIOCC26XX.c.obj (.text.GPIO_setConfigAndMux)
                  000151dc    000000a4     rf_multiMode_cc26x4.a : RFCC26X2_multiMode.c.cc26x4.ticlang.o (.text.RF_initRadioSetup)
                  00015280    000000a4     ti_sysbios_config.o (.text.ti_sysbios_knl_Task_Instance_init)
                  00015324    000000a4     OneLib.a : hci_event.o (.text)
                  000153c8    000000a4              : ll_common.o (.text)
                  0001546c    000000a4              : ll_common.o (.text)
                  00015510    000000a0     rf_multiMode_cc26x4.a : RFCC26X2_multiMode.c.cc26x4.ticlang.o (.text.RF_calculateDispatchTime)
                  000155b0    000000a0     OneLib.a : ll_ae.o (.text)
                  00015650    000000a0              : ll_common.o (.text)
                  000156f0    000000a0              : ll_ecc.o (.text)
                  00015790    000000a0              : ll_isr.o (.text)
                  00015830    000000a0              : ll_privacy.o (.text)
                  000158d0    000000a0              : ll_scheduler.o (.text)
                  00015970    000000a0              : sm_task.o (.text)
                  00015a10    0000009e              : linkdb.o (.text)
                  00015aae    0000009c     band_profile.o (.text.BandProfile_ReadAttrCB)
                  00015b4a    00000002     rom_init.o (.text.MAP_LL_SDAA_SampleRXWindow)
                  00015b4c    0000009c     driverlib.lib : setup.c.obj (.text.TrimAfterColdResetWakeupFromShutDown)
                  00015be8    0000009c     ti_sysbios_config.o (.text.ti_sysbios_knl_Clock_workFuncDynamic)
                  00015c84    0000009c     OneLib.a : ll.o (.text)
                  00015d20    0000009c              : ll_scheduler.o (.text)
                  00015dbc    0000009c              : sm_mgr.o (.text)
                  00015e58    0000009a              : ll_ae.o (.text)
                  00015ef2    00000002     rom_init.o (.text.MAP_gapInit_initiatingEnd)
                  00015ef4    00000098     drivers_cc26x4.a : ECDHCC26X2.c.obj (.text.ECDHCC26X2_getKeyResult)
                  00015f8c    00000098     nvocmp.o (.text.NVOCMP_erase)
                  00016024    00000098     rf_multiMode_cc26x4.a : RFCC26X2_multiMode.c.cc26x4.ticlang.o (.text.RF_defaultSubmitPolicy)
                  000160bc    00000098     simple_peripheral.o (.text.SimplePeripheral_updatePHYStat)
                  00016154    00000098     OneLib.a : gatt_server.o (.text)
                  000161ec    00000098              : gattservapp.o (.text)
                  00016284    00000098              : hci_event.o (.text)
                  0001631c    00000098              : l2cap_util.o (.text)
                  000163b4    00000098              : ll_common.o (.text)
                  0001644c    00000098              : ll_common.o (.text)
                  000164e4    00000098              : ll_isr.o (.text)
                  0001657c    00000098              : ll_privacy.o (.text)
                  00016614    00000096     rf_multiMode_cc26x4.a : RFCC26X2_multiMode.c.cc26x4.ticlang.o (.text.RF_verifyGap)
                  000166aa    00000002     rom_init.o (.text.MAP_gapInit_sendConnCancelledEvt)
                  000166ac    00000094     rf_multiMode_cc26x4.a : RFCC26X2_multiMode.c.cc26x4.ticlang.o (.text.RF_ratRestartChannels)
                  00016740    00000094     drivers_cc26x4.a : SPICC26X4DMA.c.obj (.text.SPICC26X4DMA_transferCancel)
                  000167d4    00000094     simple_peripheral.o (.text.SimplePeripheral_processParamUpdate)
                  00016868    00000094     drivers_cc26x4.a : SPICC26X4DMA.c.obj (.text.initIO)
                  000168fc    00000094     ti_sysbios_config.o (.text.ti_sysbios_knl_Task_sleep)
                  00016990    00000094     OneLib.a : ble.o (.text)
                  00016a24    00000094              : gap_linkmgr.o (.text)
                  00016ab8    00000094              : gatt_client.o (.text)
                  00016b4c    00000094              : ll.o (.text)
                  00016be0    00000094              : sm_pairing.o (.text)
                  00016c74    00000094              : sm_pairing.o (.text)
                  00016d08    00000090     nvocmp.o (.text.NVOCMP_getDstPage)
                  00016d98    00000090     rf_multiMode_cc26x4.a : RFCC26X2_multiMode.c.cc26x4.ticlang.o (.text.RF_getTxPower)
                  00016e28    00000090     osal_icall_ble.o (.text.osalInitTasks)
                  00016eb8    00000090     OneLib.a : hci_event.o (.text)
                  00016f48    00000090              : l2cap_if.o (.text)
                  00016fd8    00000090              : ll_common.o (.text)
                  00017068    00000090              : ll_scheduler.o (.text)
                  000170f8    00000090              : sm_pairing.o (.text)
                  00017188    00000090              : sm_pairing.o (.text)
                  00017218    0000008c     band_profile.o (.text.BandProfile_SetParameter)
                  000172a4    0000008c     driverlib.lib : pka.c.obj (.text.NOROM_PKAEccMultiplyStart)
                  00017330    0000008c                   : pka.c.obj (.text.PKAGetBigNumResult)
                  000173bc    0000008c     drivers_cc26x4.a : TRNGCC26XX.c.obj (.text.TRNG_construct)
                  00017448    0000008c                      : NVSCC26XX.c.obj (.text.doErase)
                  000174d4    0000008c     ti_sysbios_config.o (.text.ti_sysbios_knl_Clock_init)
                  00017560    0000008c     OneLib.a : gatt_client.o (.text)
                  000175ec    0000008c              : gattservapp.o (.text)
                  00017678    0000008c              : l2cap_util.o (.text)
                  00017704    00000088     band_profile.o (.text.BandProfile_AddService)
                  0001778c    00000088     rf_multiMode_cc26x4.a : RFCC26X2_multiMode.c.cc26x4.ticlang.o (.text.RF_cmdDispatchTime)
                  00017814    00000088                           : RFCC26X2_multiMode.c.cc26x4.ticlang.o (.text.RF_discardPendCmd)
                  0001789c    00000088     OneLib.a : gap_linkmgr.o (.text)
                  00017924    00000088              : gap_task.o (.text)
                  000179ac    00000088              : gatt_server.o (.text)
                  00017a34    00000088              : hci_event.o (.text)
                  00017abc    00000088              : hci_event.o (.text)
                  00017b44    00000088              : sm_rsppairing.o (.text)
                  00017bcc    00000088     StackWrapper.a : osal_cbtimer.o (.text)
                  00017c54    00000086     OneLib.a : ll_common.o (.text)
                  00017cda    00000002     rom_init.o (.text.MAP_gapScan_processSessionEndEvt)
                  00017cdc    00000084     icall.o (.text.ICall_setTimer)
                  00017d60    00000084     rf_multiMode_cc26x4.a : RFCC26X2_multiMode.c.cc26x4.ticlang.o (.text.RF_getInfo)
                  00017de4    00000084     OneLib.a : ble.o (.text)
                  00017e68    00000084              : gap_linkmgr.o (.text)
                  00017eec    00000084              : gatt_client.o (.text)
                  00017f70    00000084              : gatt_server.o (.text)
                  00017ff4    00000084              : gattservapp.o (.text)
                  00018078    00000084              : gattservapp.o (.text)
                  000180fc    00000084              : hci_event.o (.text)
                  00018180    00000084              : ll.o (.text)
                  00018204    00000084              : ll_common.o (.text)
                  00018288    00000084              : ll_common.o (.text)
                  0001830c    00000084              : ll_enc.o (.text)
                  00018390    00000082              : gattservapp.o (.text)
                  00018412    00000002     rom_init.o (.text.MAP_gap_CentConnRegister)
                  00018414    00000080     drivers_cc26x4.a : AESCTRCC26XX.c.obj (.text.AESCTR_hwiFxn)
                  00018494    00000080                      : GPIOCC26X4.c.obj (.text.GPIO_hwiIntFxn)
                  00018514    00000080     nvocmp.o (.text.NVOCMP_getFreeNvApi)
                  00018594    00000080     driverlib.lib : pka.c.obj (.text.PKAGetBigNumResultRemainder)
                  00018614    00000080     ti_sysbios_config.o (.text.ti_sysbios_family_arm_v8m_Hwi_initNVIC)
                  00018694    00000080     ti_sysbios_config.o (.text.ti_sysbios_gates_GateMutexPri_enter)
                  00018714    00000080     OneLib.a : gatt_task.o (.text)
                  00018794    00000080              : gattservapp.o (.text)
                  00018814    00000080              : l2cap_task.o (.text)
                  00018894    00000080              : l2cap_task.o (.text)
                  00018914    00000080              : l2cap_util.o (.text)
                  00018994    00000080              : ll_common.o (.text)
                  00018a14    0000007e     nvocmp.o (.text.NVOCMP_readHeader)
                  00018a92    0000007e     OneLib.a : gap_task.o (.text)
                  00018b10    0000007c     driverlib.lib : setup_rom.c.obj (.text.NOROM_SetupStepVddrTrimTo)
                  00018b8c    0000007c     rf_multiMode_cc26x4.a : RFCC26X2_multiMode.c.cc26x4.ticlang.o (.text.RF_ratDisableChannel)
                  00018c08    0000007c     drivers_cc26x4.a : SPICC26X4DMA.c.obj (.text.SPICC26X4DMA_close)
                  00018c84    0000007c     icall.o (.text.icall_directAPI)
                  00018d00    0000007c     two_btn_menu.o (.text.tbm_displayItemPage)
                  00018d7c    0000007c     ti_sysbios_config.o (.text.ti_sysbios_family_arm_v8m_Hwi_postInit)
                  00018df8    0000007c     OneLib.a : gatt_client.o (.text)
                  00018e74    0000007c              : gatt_server.o (.text)
                  00018ef0    0000007c              : hci_event.o (.text)
                  00018f6c    0000007c              : hci_event.o (.text)
                  00018fe8    0000007c              : hci_event.o (.text)
                  00019064    0000007c              : hci_event.o (.text)
                  000190e0    0000007c              : hci_event.o (.text)
                  0001915c    0000007c              : ll_common.o (.text)
                  000191d8    0000007c              : ll_isr.o (.text)
                  00019254    0000007c     StackWrapper.a : gapbondmgr.o (.text)
                  000192d0    0000007a     drivers_cc26x4.a : AESCTRDRBGXX.c.obj (.text.AESCTRDRBGXX_updateState)
                  0001934a    0000007a     OneLib.a : gattservapp.o (.text)
                  000193c4    0000007a              : ll_ae.o (.text)
                  0001943e    00000002     rom_init.o (.text.MAP_l2capDisconnectChannel)
                  00019440    00000078     board_key.o (.text.Board_initKeys)
                  000194b8    00000078     driverlib.lib : pka.c.obj (.text.NOROM_PKAEccMontgomeryMultiplyStart)
                  00019530    00000078     drivers_cc26x4.a : NVSCC26XX.c.obj (.text.NVSCC26XX_open)
                  000195a8    00000078     rf_multiMode_cc26x4.a : RFCC26X2_multiMode.c.cc26x4.ticlang.o (.text.RF_ratFreeChannel)
                  00019620    00000078     simple_peripheral.o (.text.SimplePeripheral_doSetConnPhy)
                  00019698    00000078     ti_sysbios_config.o (.text.ti_sysbios_knl_Task_postInit)
                  00019710    00000078     OneLib.a : gatt_client.o (.text)
                  00019788    00000078              : l2cap_if.o (.text)
                  00019800    00000078              : l2cap_task.o (.text)
                  00019878    00000078              : ll_common.o (.text)
                  000198f0    00000078              : ll_common.o (.text)
                  00019968    00000078              : ll_common.o (.text)
                  000199e0    00000078              : ll_common.o (.text)
                  00019a58    00000078              : ll_common.o (.text)
                  00019ad0    00000078              : ll_privacy.o (.text)
                  00019b48    00000076              : gatt_client.o (.text)
                  00019bbe    00000076              : gatt_server.o (.text)
                  00019c34    00000076              : ll_isr.o (.text)
                  00019caa    00000076     StackWrapper.a : gap.o (.text)
                  00019d20    00000074     icall.o (.text.ICall_heapInit)
                  00019d94    00000074     nvocmp.o (.text.NVOCMP_readItemApi)
                  00019e08    00000074     rf_multiMode_cc26x4.a : RFCC26X2_multiMode.c.cc26x4.ticlang.o (.text.RF_hwiHw)
                  00019e7c    00000074     ti_sysbios_config.o (.text.ti_sysbios_knl_Swi_restoreHwi)
                  00019ef0    00000074     ti_sysbios_config.o (.text.ti_sysbios_knl_Task_startup)
                  00019f64    00000074     OneLib.a : gap_linkmgr.o (.text)
                  00019fd8    00000074              : gatt_server.o (.text)
                  0001a04c    00000074              : gatt_server.o (.text)
                  0001a0c0    00000074              : gatt_server.o (.text)
                  0001a134    00000074              : ll.o (.text)
                  0001a1a8    00000074              : ll_ae.o (.text)
                  0001a21c    00000074              : ll_common.o (.text)
                  0001a290    00000074              : ll_common.o (.text)
                  0001a304    00000074              : ll_common.o (.text)
                  0001a378    00000074              : ll_common.o (.text)
                  0001a3ec    00000074              : ll_enc.o (.text)
                  0001a460    00000074              : sm_pairing.o (.text)
                  0001a4d4    00000074     StackWrapper.a : osal_cbtimer.o (.text)
                  0001a548    00000070     drivers_cc26x4.a : AESCCMCC26X4.c.obj (.text.AESCCM_waitForResult)
                  0001a5b8    00000070                      : AESCTRCC26XX.c.obj (.text.AESCTR_construct)
                  0001a628    00000070                      : AESECBCC26XX.c.obj (.text.AESECB_construct)
                  0001a698    00000070     icall_cc2650.o (.text.ICallPlatform_pwrUpdActivityCounter)
                  0001a708    00000070     icall.o (.text.ICall_createRemoteTasksAtRuntime)
                  0001a778    00000070     driverlib.lib : interrupt.c.obj (.text.NOROM_IntDisable)
                  0001a7e8    00000070     ti_drivers_config.o (.text.rfDriverCallbackAntennaSwitching)
                  0001a858    00000070     ti_sysbios_config.o (.text.ti_sysbios_family_arm_v8m_Hwi_Instance_init)
                  0001a8c8    00000070     OneLib.a : gap_configmgr.o (.text)
                  0001a938    00000070              : ll_ae.o (.text)
                  0001a9a8    00000070              : ll_common.o (.text)
                  0001aa18    00000070              : sm_pairing.o (.text)
                  0001aa88    00000070              : sm_rsppairing.o (.text)
                  0001aaf8    00000070     StackWrapper.a : osal.o (.text)
                  0001ab68    00000070     libc.a : copy_decompress_lzss.c.obj (.text:decompress:lzss)
                  0001abd8    0000006e     OneLib.a : ll_ae.o (.text)
                  0001ac46    00000002     rom_init.o (.text.MAP_l2capGetCoChannelInfo)
                  0001ac48    0000006c     drivers_cc26x4.a : AESCCMCC26X4.c.obj (.text.AESCCM_construct)
                  0001acb4    0000006c                      : AESECBCC26XX.c.obj (.text.AESECB_hwiFxn)
                  0001ad20    0000006c     driverlib.lib : interrupt.c.obj (.text.NOROM_IntEnable)
                  0001ad8c    0000006c                   : sys_ctrl.c.obj (.text.NOROM_SysCtrl_DCDC_VoltageConditionalControl)
                  0001adf8    0000006c     nvocmp.o (.text.NVOCMP_eraseNvApi)
                  0001ae64    0000006c     nvocmp.o (.text.NVOCMP_writeItemApi)
                  0001aed0    0000006c     rf_multiMode_cc26x4.a : RFCC26X2_multiMode.c.cc26x4.ticlang.o (.text.RF_issueRadioFreeCb)
                  0001af3c    0000006c     drivers_cc26x4.a : Random.c.obj (.text.Random_seedAutomatic)
                  0001afa8    0000006c     rf_multiMode_cc26x4.a : rf_patch_cpe_multi_protocol.c.cc26x4.ticlang.o (.text.configureMultiProtocolPatch)
                  0001b014    0000006c     drivers_cc26x4.a : PowerCC26X2.c.obj (.text.oscillatorISR)
                  0001b080    0000006c     ti_sysbios_config.o (.text.ti_sysbios_family_arm_v8m_Hwi_dispatchC)
                  0001b0ec    0000006c     ti_sysbios_config.o (.text.ti_sysbios_knl_TaskSupport_buildTaskStack)
                  0001b158    0000006c     OneLib.a : ble.o (.text)
                  0001b1c4    0000006c              : gap_configmgr.o (.text)
                  0001b230    0000006c              : gap_linkmgr.o (.text)
                  0001b29c    0000006c              : gap_perilinkmgr.o (.text)
                  0001b308    0000006c              : gatt_server.o (.text)
                  0001b374    0000006c              : ll.o (.text)
                  0001b3e0    0000006c              : ll_enc.o (.text)
                  0001b44c    0000006c              : ll_isr.o (.text)
                  0001b4b8    0000006c              : sm_rsppairing.o (.text)
                  0001b524    0000006a              : gatt_client.o (.text)
                  0001b58e    00000002     rom_init.o (.text.MAP_l2capNotifyChannelEstEvt)
                  0001b590    00000068     icall.o (.text.ICall_enrollService)
                  0001b5f8    00000068     icall.o (.text.ICall_send)
                  0001b660    00000068     icall.o (.text.ICall_sendServiceComplete)
                  0001b6c8    00000068     drivers_cc26x4.a : PowerCC26X2_calibrateRCOSC_helpers.c.obj (.text.PowerCC26X2_updateSubSecInc)
                  0001b730    00000068     rf_multiMode_cc26x4.a : RFCC26X2_multiMode.c.cc26x4.ticlang.o (.text.RF_detachOverrides)
                  0001b798    00000068     simple_peripheral.o (.text.SimplePeripheral_doAutoConnect)
                  0001b800    00000068     two_btn_menu.o (.text.tbm_displayItem)
                  0001b868    00000068     ti_sysbios_config.o (.text.ti_sysbios_knl_Event_post)
                  0001b8d0    00000068     ti_sysbios_config.o (.text.ti_sysbios_knl_Swi_run)
                  0001b938    00000068     OneLib.a : gap_configmgr.o (.text)
                  0001b9a0    00000068              : gattservapp.o (.text)
                  0001ba08    00000068              : l2cap_task.o (.text)
                  0001ba70    00000068              : ll.o (.text)
                  0001bad8    00000068              : ll.o (.text)
                  0001bb40    00000068              : ll_ae.o (.text)
                  0001bba8    00000068              : ll_common.o (.text)
                  0001bc10    00000068              : ll_common.o (.text)
                  0001bc78    00000068              : ll_enc.o (.text)
                  0001bce0    00000068     StackWrapper.a : osal_cbtimer.o (.text)
                  0001bd48    00000066                    : icall_lite_translation.o (.text)
                  0001bdae    00000064     afe.o (.text.AFE_u64Sqrt)
                  0001be12    00000002     rom_init.o (.text.MAP_l2capNotifyChannelTermEvt)
                  0001be14    00000064     icall.o (.text.ICall_wait)
                  0001be78    00000064     drivers_cc26x4.a : PowerCC26X2_calibrateRCOSC.c.obj (.text.PowerCC26X2_initiateCalibration)
                  0001bedc    00000064     rf_multiMode_cc26x4.a : RFCC26X2_multiMode.c.cc26x4.ticlang.o (.text.RF_attachOverrides)
                  0001bf40    00000064                           : RFCC26X2_multiMode.c.cc26x4.ticlang.o (.text.RF_dispatchNextEvent)
                  0001bfa4    00000064                           : RFCC26X2_multiMode.c.cc26x4.ticlang.o (.text.RF_hwiCpe0PowerFsm)
                  0001c008    00000064     drivers_cc26x4.a : UDMACC26XX.c.obj (.text.UDMACC26XX_open)
                  0001c06c    00000064     main.o (.text.main)
                  0001c0d0    00000064     ti_sysbios_config.o (.text.ti_sysbios_gates_GateMutexPri_leave)
                  0001c134    00000064     ti_sysbios_config.o (.text.ti_sysbios_knl_Clock_startI)
                  0001c198    00000064     ti_sysbios_config.o (.text.ti_sysbios_knl_Idle_init)
                  0001c1fc    00000064     OneLib.a : gap_task.o (.text)
                  0001c260    00000064              : gapgattserver.o (.text)
                  0001c2c4    00000064              : gattservapp.o (.text)
                  0001c328    00000064              : gattservapp.o (.text)
                  0001c38c    00000064              : l2cap_util.o (.text)
                  0001c3f0    00000064              : linkdb.o (.text)
                  0001c454    00000064              : ll_al.o (.text)
                  0001c4b8    00000064              : ll_common.o (.text)
                  0001c51c    00000064              : ll_common.o (.text)
                  0001c580    00000064              : ll_common.o (.text)
                  0001c5e4    00000064              : ll_enc.o (.text)
                  0001c648    00000064              : ll_isr.o (.text)
                  0001c6ac    00000064              : ll_privacy.o (.text)
                  0001c710    00000064              : ll_privacy.o (.text)
                  0001c774    00000064              : ll_privacy.o (.text)
                  0001c7d8    00000064              : sm_pairing.o (.text)
                  0001c83c    00000064              : sm_rsppairing.o (.text)
                  0001c8a0    00000062     rf_multiMode_cc26x4.a : RFCC26X2_multiMode.c.cc26x4.ticlang.o (.text.RF_syncCb)
                  0001c902    00000062     OneLib.a : gap_linkmgr.o (.text)
                  0001c964    00000060     drivers_cc26x4.a : CryptoResourceCC26XX.c.obj (.text.CryptoResourceCC26XX_constructRTOSObjects)
                  0001c9c4    00000060     driverlib.lib : setup_rom.c.obj (.text.NOROM_SetupAfterColdResetWakeupFromShutDownCfg1)
                  0001ca24    00000060     nvocmp.o (.text.NVOCMP_checkItem)
                  0001ca84    00000060     nvocmp.o (.text.NVOCMP_verifyCRC)
                  0001cae4    00000060     drivers_cc26x4.a : PKAResourceCC26XX.c.obj (.text.PKAResourceCC26XX_constructRTOSObjects)
                  0001cb44    00000060     osal_icall_ble.o (.text.stack_main)
                  0001cba4    00000060     ti_sysbios_config.o (.text.ti_sysbios_knl_Clock_walkQueueDynamic)
                  0001cc04    00000060     ti_sysbios_config.o (.text.ti_sysbios_knl_Semaphore_post)
                  0001cc64    00000060     ti_sysbios_config.o (.text.ti_sysbios_knl_Swi_schedule)
                  0001ccc4    00000060     OneLib.a : gap_linkmgr.o (.text)
                  0001cd24    00000060              : gap_linkmgr.o (.text)
                  0001cd84    00000060              : gap_task.o (.text)
                  0001cde4    00000060              : gatt_server.o (.text)
                  0001ce44    00000060              : hci.o (.text)
                  0001cea4    00000060              : ll_ae.o (.text)
                  0001cf04    00000060              : ll_common.o (.text)
                  0001cf64    00000060              : ll_common.o (.text)
                  0001cfc4    00000060              : ll_common.o (.text)
                  0001d024    00000060              : ll_common.o (.text)
                  0001d084    00000060              : ll_ecc.o (.text)
                  0001d0e4    00000060              : ll_enc.o (.text)
                  0001d144    00000060              : ll_isr.o (.text)
                  0001d1a4    00000060              : ll_scheduler.o (.text)
                  0001d204    00000060              : sm_pairing.o (.text)
                  0001d264    00000060              : sm_rsppairing.o (.text)
                  0001d2c4    00000060     StackWrapper.a : gapbondmgr.o (.text)
                  0001d324    0000005e     rf_multiMode_cc26x4.a : rfc.c.cc26x4.ticlang.o (.text.NOROM_RFCAnaDivTxOverride)
                  0001d382    0000005e     OneLib.a : gatt_client.o (.text)
                  0001d3e0    0000005e              : gatt_server.o (.text)
                  0001d43e    0000005e              : l2cap_util.o (.text)
                  0001d49c    0000005e              : ll_common.o (.text)
                  0001d4fa    00000002     rom_init.o (.text.MAP_l2capProcessConnectReq)
                  0001d4fc    0000005c     driverlib.lib : setup_rom.c.obj (.text.NOROM_SetupGetTrimForAmpcompCtrl)
                  0001d558    0000005c     sysbios.a : Hwi_asm_switch_gcc.s.obj (.text.ti_sysbios_family_arm_v8m_Hwi_initStacks)
                  0001d5b4    0000005c     OneLib.a : gap_perilinkmgr.o (.text)
                  0001d610    0000005c              : ll.o (.text)
                  0001d66c    0000005c              : ll.o (.text)
                  0001d6c8    0000005c              : ll_isr.o (.text)
                  0001d724    0000005c              : ll_scheduler.o (.text)
                  0001d780    0000005c              : sm_rsppairing.o (.text)
                  0001d7dc    0000005c     StackWrapper.a : gapbondmgr.o (.text)
                  0001d838    0000005a     OneLib.a : att_util.o (.text)
                  0001d892    0000005a              : gatt_client.o (.text)
                  0001d8ec    0000005a              : ll_common.o (.text)
                  0001d946    00000002     rom_init.o (.text.MAP_llCoexInit)
                  0001d948    00000058     adxl366.o (.text.ADXL366_readReg)
                  0001d9a0    00000058     drivers_cc26x4.a : ECDHCC26X2.c.obj (.text.ECDH_construct)
                  0001d9f8    00000058     icall.o (.text.HEAPMGR_GETLARGESTFREEBUF)
                  0001da50    00000058     icall.o (.text.ICall_fetchMsg)
                  0001daa8    00000058     driverlib.lib : osc.c.obj (.text.NOROM_OSCHF_AttemptToSwitchToXosc)
                  0001db00    00000058                   : setup_rom.c.obj (.text.NOROM_SetupGetTrimForAnabypassValue1)
                  0001db58    00000058     rf_multiMode_cc26x4.a : RFCC26X2_multiMode.c.cc26x4.ticlang.o (.text.RF_applyRfCorePatch)
                  0001dbb0    00000058     drivers_cc26x4.a : TRNGCC26XX.c.obj (.text.TRNG_init)
                  0001dc08    00000058     OneLib.a : gattservapp.o (.text)
                  0001dc60    00000058              : ll.o (.text)
                  0001dcb8    00000058              : ll.o (.text)
                  0001dd10    00000058              : ll_ae.o (.text)
                  0001dd68    00000058              : ll_common.o (.text)
                  0001ddc0    00000058              : sm_pairing.o (.text)
                  0001de18    00000058              : sm_pairing.o (.text)
                  0001de70    00000058              : sm_rsppairing.o (.text)
                  0001dec8    00000058     StackWrapper.a : osal_bufmgr.o (.text)
                  0001df20    00000058                    : osal_timers.o (.text)
                  0001df78    00000058                    : sm_ecc.o (.text)
                  0001dfd0    00000056     drivers_cc26x4.a : StructRingBuf.c.obj (.text.StructRingBuf_put)
                  0001e026    00000056     OneLib.a : ll_common.o (.text)
                  0001e07c    00000056     StackWrapper.a : gapbondmgr.o (.text)
                  0001e0d2    00000002     rom_init.o (.text.MAP_llCoexSetHighPriorityGroup)
                  0001e0d4    00000054     icall.o (.text.ICall_registerApp)
                  0001e128    00000054     nvocmp.o (.text.NVOCMP_compactNvApi)
                  0001e17c    00000054     drivers_cc26x4.a : TRNGCC26XX.c.obj (.text.TRNGCC26XX_startTrng)
                  0001e1d0    00000054     util.o (.text.Util_constructClock)
                  0001e224    00000054     ti_sysbios_config.o (.text.ti_sysbios_family_arm_v8m_cc26x4_Timer_dynamicMultiStub)
                  0001e278    00000054     OneLib.a : gatt_client.o (.text)
                  0001e2cc    00000054              : gatt_task.o (.text)
                  0001e320    00000054              : gatt_task.o (.text)
                  0001e374    00000054              : hci_event.o (.text)
                  0001e3c8    00000054              : hci_event.o (.text)
                  0001e41c    00000054              : linkdb.o (.text)
                  0001e470    00000054              : ll.o (.text)
                  0001e4c4    00000054              : ll.o (.text)
                  0001e518    00000054              : ll_ae.o (.text)
                  0001e56c    00000054              : ll_common.o (.text)
                  0001e5c0    00000054              : ll_isr.o (.text)
                  0001e614    00000054              : ll_isr.o (.text)
                  0001e668    00000054              : sm_pairing.o (.text)
                  0001e6bc    00000052              : l2cap_util.o (.text)
                  0001e70e    00000052              : ll.o (.text)
                  0001e760    00000052              : ll_common.o (.text)
                  0001e7b2    00000052              : ll_common.o (.text)
                  0001e804    00000050     drivers_cc26x4.a : AESCCMCC26X4.c.obj (.text.AESCCM_setNonce)
                  0001e854    00000050     ti_drivers_config.o (.text.Board_shutDownExtFlash)
                  0001e8a4    00000050     drivers_cc26x4.a : GPIOCC26XX.c.obj (.text.GPIO_setOutputEnableDio)
                  0001e8f4    00000050     driverlib.lib : pka.c.obj (.text.NOROM_PKABigNumAddStart)
                  0001e944    00000050                   : pka.c.obj (.text.NOROM_PKABigNumModStart)
                  0001e994    00000050                   : pka.c.obj (.text.NOROM_PKABigNumMultiplyStart)
                  0001e9e4    00000050     nvocmp.o (.text.NVOCMP_loadApiPtrsMin)
                  0001ea34    00000050     rf_multiMode_cc26x4.a : RFCC26X2_multiMode.c.cc26x4.ticlang.o (.text.RF_wakeupNotification)
                  0001ea84    00000050     ti_sysbios_config.o (.text.ti_sysbios_knl_Swi_post)
                  0001ead4    00000050     ti_sysbios_config.o (.text.ti_sysbios_knl_Swi_runLoop)
                  0001eb24    00000050     ti_sysbios_config.o (.text.ti_sysbios_knl_Task_schedule)
                  0001eb74    00000050     OneLib.a : att_util.o (.text)
                  0001ebc4    00000050              : gap_advertiser.o (.text)
                  0001ec14    00000050              : gap_linkmgr.o (.text)
                  0001ec64    00000050              : gap_perilinkmgr.o (.text)
                  0001ecb4    00000050              : gattservapp.o (.text)
                  0001ed04    00000050              : hci_event.o (.text)
                  0001ed54    00000050              : hci_tl.o (.text)
                  0001eda4    00000050              : ll.o (.text)
                  0001edf4    00000050              : ll_common.o (.text)
                  0001ee44    00000050              : ll_common.o (.text)
                  0001ee94    00000050              : ll_common.o (.text)
                  0001eee4    00000050              : ll_common.o (.text)
                  0001ef34    00000050              : ll_enc.o (.text)
                  0001ef84    00000050              : ll_enc.o (.text)
                  0001efd4    00000050              : ll_scheduler.o (.text)
                  0001f024    00000050     StackWrapper.a : osal.o (.text)
                  0001f074    00000050                    : osal_clock.o (.text)
                  0001f0c4    0000004e     drivers_cc26x4.a : AESECBCC26XX.c.obj (.text.AESECB_startOperation)
                  0001f112    0000004e     ti_drivers_config.o (.text.Board_sendExtFlashByte)
                  0001f160    0000004e     nvocmp.o (.text.NVOCMP_readItem)
                  0001f1ae    0000004e     OneLib.a : l2cap_util.o (.text)
                  0001f1fc    0000004e              : ll_privacy.o (.text)
                  0001f24a    0000004e     StackWrapper.a : gap.o (.text)
                  0001f298    0000004e                    : gattservapp_util.o (.text)
                  0001f2e6    00000002     rom_init.o (.text.MAP_llCoexSetParams)
                  0001f2e8    0000004c     ti_sysbios_config.o (.text.BIOS_startFunc)
                  0001f334    0000004c     icall.o (.text.ICall_newTask)
                  0001f380    0000004c     afe.o (.text.MAX86140_readReg)
                  0001f3cc    0000004c     driverlib.lib : interrupt.c.obj (.text.NOROM_IntPendClear)
                  0001f418    0000004c                   : setup_rom.c.obj (.text.NOROM_SetupSetCacheModeAccordingToCcfgSetting)
                  0001f464    0000004c     nvocmp.o (.text.NVOCMP_setItemInactive)
                  0001f4b0    0000004c     drivers_cc26x4.a : NVSCC26XX.c.obj (.text.NVSCC26XX_read)
                  0001f4fc    0000004c     rf_multiMode_cc26x4.a : RFCC26X2_multiMode.c.cc26x4.ticlang.o (.text.RF_fsmXOSCState)
                  0001f548    0000004c                           : RFCC26X2_multiMode.c.cc26x4.ticlang.o (.text.RF_getCurrentTime)
                  0001f594    0000004c     drivers_cc26x4.a : StructRingBuf.c.obj (.text.StructRingBuf_get)
                  0001f5e0    0000004c                      : PowerCC26X2.c.obj (.text.switchXOSCHF)
                  0001f62c    0000004c     ti_sysbios_config.o (.text.ti_sysbios_knl_Swi_Instance_init)
                  0001f678    0000004c     ti_sysbios_config.o (.text.ti_sysbios_runtime_Startup_exec)
                  0001f6c4    0000004c     OneLib.a : ble.o (.text)
                  0001f710    0000004c              : gap_linkmgr.o (.text)
                  0001f75c    0000004c              : gap_linkmgr.o (.text)
                  0001f7a8    0000004c              : gap_perilinkmgr.o (.text)
                  0001f7f4    0000004c              : gap_perilinkmgr.o (.text)
                  0001f840    0000004c              : hci_event.o (.text)
                  0001f88c    0000004c              : l2cap_util.o (.text)
                  0001f8d8    0000004c              : l2cap_util.o (.text)
                  0001f924    0000004c              : ll_ae.o (.text)
                  0001f970    0000004c              : ll_common.o (.text)
                  0001f9bc    0000004c              : ll_common.o (.text)
                  0001fa08    0000004c              : ll_scheduler.o (.text)
                  0001fa54    0000004c              : ll_scheduler.o (.text)
                  0001faa0    0000004c              : sm_mgr.o (.text)
                  0001faec    0000004c              : sm_pairing.o (.text)
                  0001fb38    0000004c              : sm_task.o (.text)
                  0001fb84    0000004a     drivers_cc26x4.a : SPICC26X4DMA.c.obj (.text.SPICC26X4DMA_swiFxn)
                  0001fbce    0000004a     OneLib.a : gatt_server.o (.text)
                  0001fc18    0000004a              : ll.o (.text)
                  0001fc62    0000004a              : smp.o (.text)
                  0001fcac    00000048     adxl366.o (.text.ADXL366_writeReg)
                  0001fcf4    00000048     drivers_cc26x4.a : CryptoUtils.c.obj (.text.CryptoUtils_reverseCopyPad)
                  0001fd3c    00000048     icall.o (.text.ICall_getEntityId)
                  0001fd84    00000048     rom_init.o (.text.MAP_llInitFeatureSet)
                  0001fdcc    00000048     afe.o (.text.MAX86140_writeReg)
                  0001fe14    00000048     rf_multiMode_cc26x4.a : rfc.c.cc26x4.ticlang.o (.text.NOROM_RFCSynthPowerDown)
                  0001fe5c    00000048     drivers_cc26x4.a : NVS.c.obj (.text.NVS_open)
                  0001fea4    00000048                      : PowerCC26X2.c.obj (.text.PowerCC26XX_switchXOSC_HF)
                  0001feec    00000048     simple_peripheral.o (.text.SimplePeripheral_clearConnListEntry)
                  0001ff34    00000048     OneLib.a : att_util.o (.text)
                  0001ff7c    00000048              : gap_configmgr.o (.text)
                  0001ffc4    00000048              : gattservapp.o (.text)
                  0002000c    00000048              : linkdb.o (.text)
                  00020054    00000048              : ll_ae.o (.text)
                  0002009c    00000048              : ll_common.o (.text)
                  000200e4    00000048              : ll_common.o (.text)
                  0002012c    00000048              : ll_common.o (.text)
                  00020174    00000048              : ll_isr.o (.text)
                  000201bc    00000048              : sm_rsppairing.o (.text)
                  00020204    00000048              : sm_rsppairing.o (.text)
                  0002024c    00000048     StackWrapper.a : osal_bufmgr.o (.text)
                  00020294    00000046     OneLib.a : gatt_client.o (.text)
                  000202da    00000002     rom_init.o (.text.MAP_llCoexUpdateCounters)
                  000202dc    00000044     ti_sysbios_config.o (.text.BIOS_atExitFunc)
                  00020320    00000044     drivers_cc26x4.a : GPIOCC26XX.c.obj (.text.GPIO_getConfig)
                  00020364    00000044     driverlib.lib : prcm.c.obj (.text.NOROM_PRCMPowerDomainsAllOff)
                  000203a8    00000044                   : prcm.c.obj (.text.NOROM_PRCMPowerDomainsAllOn)
                  000203ec    00000044     drivers_cc26x4.a : NVSCC26XX.c.obj (.text.NVSCC26XX_init)
                  00020430    00000044     rf_multiMode_cc26x4.a : RFCC26X2_multiMode.c.cc26x4.ticlang.o (.text.RF_cmdGet)
                  00020474    00000044     drivers_cc26x4.a : SPI.c.obj (.text.SPI_init)
                  000204b8    00000044     libc.a : snprintf.c.obj (.text.snprintf)
                  000204fc    00000044     two_btn_menu.o (.text.tbm_goTo)
                  00020540    00000044     ti_sysbios_config.o (.text.ti_sysbios_family_arm_v8m_Hwi_Instance_finalize)
                  00020584    00000044     ti_sysbios_config.o (.text.ti_sysbios_family_arm_v8m_Hwi_construct2)
                  000205c8    00000044     ti_sysbios_config.o (.text.ti_sysbios_family_arm_v8m_Hwi_disableInterrupt)
                  0002060c    00000044     ti_sysbios_config.o (.text.ti_sysbios_family_arm_v8m_Hwi_enableInterrupt)
                  00020650    00000044     ti_sysbios_config.o (.text.ti_sysbios_knl_Swi_restore)
                  00020694    00000044     ti_sysbios_config.o (.text.ti_sysbios_knl_Task_create)
                  000206d8    00000044     OneLib.a : gap_linkmgr.o (.text)
                  0002071c    00000044              : gatt_server.o (.text)
                  00020760    00000044              : gatt_server.o (.text)
                  000207a4    00000044              : hci_event.o (.text)
                  000207e8    00000044              : ll.o (.text)
                  0002082c    00000044              : ll.o (.text)
                  00020870    00000044              : ll_ae.o (.text)
                  000208b4    00000044              : ll_ae.o (.text)
                  000208f8    00000044              : ll_common.o (.text)
                  0002093c    00000044              : ll_common.o (.text)
                  00020980    00000044              : ll_isr.o (.text)
                  000209c4    00000044              : sm_pairing.o (.text)
                  00020a08    00000044              : sm_rsppairing.o (.text)
                  00020a4c    00000044              : sm_task.o (.text)
                  00020a90    00000044     StackWrapper.a : osal.o (.text)
                  00020ad4    00000044                    : osal_timers.o (.text)
                  00020b18    00000042     simple_peripheral.o (.text.SimplePeripheral_passcodeCb)
                  00020b5a    00000042     OneLib.a : ble.o (.text)
                  00020b9c    00000042              : l2cap_util.o (.text)
                  00020bde    00000042              : ll.o (.text)
                  00020c20    00000042              : ll_common.o (.text)
                  00020c62    00000040     drivers_cc26x4.a : AESCTRDRBGXX.c.obj (.text.AESCTRDRBGXX_addBigendCounter)
                  00020ca2    00000002     rom_init.o (.text.MAP_llDmmDynamicFree)
                  00020ca4    00000040     drivers_cc26x4.a : ECDHCC26X2.c.obj (.text.ECDHCC26X2_waitForResult)
                  00020ce4    00000040                      : PowerCC26X2_calibrateRCOSC.c.obj (.text.PowerCC26X2_RCOSC_clockFunc)
                  00020d24    00000040                      : SPI.c.obj (.text.SPI_open)
                  00020d64    00000040     simple_peripheral.o (.text.SimplePeripheral_stopAutoPhyChange)
                  00020da4    00000040     simple_gatt_profile.o (.text.SimpleProfile_GetParameter)
                  00020de4    00000040     util.o (.text.Util_convertBdAddr2Str)
                  00020e24    00000040     libc.a : atoi.c.obj (.text.atoi)
                  00020e64    00000040     two_btn_menu.o (.text.tbm_findActiveItem)
                  00020ea4    00000040     ti_sysbios_config.o (.text.ti_sysbios_family_arm_v8m_cc26x4_Timer_start)
                  00020ee4    00000040     ti_sysbios_config.o (.text.ti_sysbios_knl_Task_exit)
                  00020f24    00000040     OneLib.a : gap_advertiser.o (.text)
                  00020f64    00000040              : gap_configmgr.o (.text)
                  00020fa4    00000040              : gap_configmgr.o (.text)
                  00020fe4    00000040              : gap_linkmgr.o (.text)
                  00021024    00000040              : gap_linkmgr.o (.text)
                  00021064    00000040              : gattservapp.o (.text)
                  000210a4    00000040              : gattservapp.o (.text)
                  000210e4    00000040              : l2cap_util.o (.text)
                  00021124    00000040              : l2cap_util.o (.text)
                  00021164    00000040              : linkdb.o (.text)
                  000211a4    00000040              : ll.o (.text)
                  000211e4    00000040              : ll_ae.o (.text)
                  00021224    00000040              : ll_common.o (.text)
                  00021264    00000040              : ll_common.o (.text)
                  000212a4    00000040              : ll_common.o (.text)
                  000212e4    00000040              : ll_enc.o (.text)
                  00021324    00000040              : ll_privacy.o (.text)
                  00021364    00000040              : ll_privacy.o (.text)
                  000213a4    00000040              : sm_mgr.o (.text)
                  000213e4    00000040              : sm_pairing.o (.text)
                  00021424    00000040              : sm_pairing.o (.text)
                  00021464    00000040              : sm_task.o (.text)
                  000214a4    00000040     StackWrapper.a : osal.o (.text)
                  000214e4    00000040                    : osal_bufmgr.o (.text)
                  00021524    00000040                    : osal_timers.o (.text)
                  00021564    0000003e     OneLib.a : att_util.o (.text)
                  000215a2    0000003e              : gatt_client.o (.text)
                  000215e0    0000003e              : hci.o (.text)
                  0002161e    0000003e              : ll_common.o (.text)
                  0002165c    0000003e              : ll_common.o (.text)
                  0002169a    00000002     rom_init.o (.text.MAP_llDmmSetThreshold)
                  0002169c    0000003c     drivers_cc26x4.a : GPIO.c.obj (.text.GPIO_resetConfig)
                  000216d8    0000003c     ti_sysbios_config.o (.text.HwiP_construct)
                  00021714    0000003c     icall.o (.text.ICall_dispatch)
                  00021750    0000003c     driverlib.lib : osc.c.obj (.text.NOROM_OSC_HPOSCRelativeFrequencyOffsetGet)
                  0002178c    0000003c     rf_multiMode_cc26x4.a : RFCC26X2_multiMode.c.cc26x4.ticlang.o (.text.RF_updatePowerupDuration)
                  000217c8    0000003c     simple_peripheral.o (.text.SimplePeripheral_clockHandler)
                  00021804    0000003c     two_btn_menu.o (.text.tbm_buttonRight)
                  00021840    0000003c     ti_sysbios_config.o (.text.ti_sysbios_family_arm_v8m_cc26x4_Timer_setThreshold)
                  0002187c    0000003c     ti_sysbios_config.o (.text.ti_sysbios_heaps_HeapCallback_construct)
                  000218b8    0000003c     sysbios.a : TaskSupport_asm_gcc.s.obj (.text.ti_sysbios_knl_TaskSupport_swap)
                  000218f4    0000003c     ti_sysbios_config.o (.text.ti_sysbios_knl_Task_blockI)
                  00021930    0000003c     ti_sysbios_config.o (.text.ti_sysbios_knl_Task_restore)
                  0002196c    0000003c     ti_sysbios_config.o (.text.ti_sysbios_runtime_Memory_alloc)
                  000219a8    0000003c     OneLib.a : att_server.o (.text)
                  000219e4    0000003c              : ble.o (.text)
                  00021a20    0000003c              : gap_linkmgr.o (.text)
                  00021a5c    0000003c              : gap_linkmgr.o (.text)
                  00021a98    0000003c              : gap_linkmgr.o (.text)
                  00021ad4    0000003c              : gatt_client.o (.text)
                  00021b10    0000003c              : gattservapp.o (.text)
                  00021b4c    0000003c              : gattservapp.o (.text)
                  00021b88    0000003c              : hci.o (.text)
                  00021bc4    0000003c              : hci_event.o (.text)
                  00021c00    0000003c              : hci_tl.o (.text)
                  00021c3c    0000003c              : l2cap_util.o (.text)
                  00021c78    0000003c              : l2cap_util.o (.text)
                  00021cb4    0000003c              : linkdb.o (.text)
                  00021cf0    0000003c              : ll_common.o (.text)
                  00021d2c    0000003c              : ll_common.o (.text)
                  00021d68    0000003c              : ll_common.o (.text)
                  00021da4    0000003c              : sm_pairing.o (.text)
                  00021de0    0000003c              : sm_rsppairing.o (.text)
                  00021e1c    0000003c     StackWrapper.a : osal.o (.text)
                  00021e58    0000003c                    : osal_timers.o (.text)
                  00021e94    0000003c                    : sm_ecc.o (.text)
                  00021ed0    0000003a     drivers_cc26x4.a : CryptoUtils.c.obj (.text.CryptoUtils_copyPad)
                  00021f0a    0000003a     ti_sysbios_config.o (.text.ti_sysbios_knl_Task_checkStacks)
                  00021f44    0000003a     OneLib.a : ll_common.o (.text)
                  00021f7e    0000003a              : ll_privacy.o (.text)
                  00021fb8    0000003a              : sm_mgr.o (.text)
                  00021ff2    00000002     rom_init.o (.text.MAP_llHealthUpdate)
                  00021ff4    00000038     drivers_cc26x4.a : AESCTRCC26XX.c.obj (.text.AESCTR_cleanup)
                  0002202c    00000038                      : AESECBCC26XX.c.obj (.text.AESECB_cleanup)
                  00022064    00000038     board_key.o (.text.GPIO_Board_keyCallback)
                  0002209c    00000038     icall.o (.text.ICall_heapFree)
                  000220d4    00000038     icall.o (.text.ICall_searchServiceEntity)
                  0002210c    00000038     icall.o (.text.ICall_setTimerMSecs)
                  00022144    00000038     driverlib.lib : aux_sysif.c.obj (.text.NOROM_AUXSYSIFOpModeChange)
                  0002217c    00000038                   : osc.c.obj (.text.NOROM_OSCClockSourceSet)
                  000221b4    00000038                   : pka.c.obj (.text.NOROM_PKABigNumCmpStart)
                  000221ec    00000038     nvocmp.o (.text.NVOCMP_write)
                  00022224    00000038     driverlib.lib : osc.c.obj (.text.OSCHfSourceSwitch)
                  0002225c    00000038     drivers_cc26x4.a : Random.c.obj (.text.Random_getNumber)
                  00022294    00000038     simple_peripheral.o (.text.SimplePeripheral_createTask)
                  000222cc    00000038     simple_peripheral.o (.text.SimplePeripheral_setPhy)
                  00022304    00000038     drivers_cc26x4.a : UDMACC26XX.c.obj (.text.UDMACC26XX_close)
                  0002233c    00000038     sysbios.a : Hwi_asm_gcc.s.obj (.text.ti_sysbios_family_arm_v8m_Hwi_excHandlerAsm)
                  00022374    00000038     ti_sysbios_config.o (.text.ti_sysbios_knl_ClockSupport_init)
                  000223ac    00000038     ti_sysbios_config.o (.text.ti_sysbios_knl_Task_processVitalTaskFlag)
                  000223e4    00000038     OneLib.a : gattservapp.o (.text)
                  0002241c    00000038              : hci.o (.text)
                  00022454    00000038              : l2cap_util.o (.text)
                  0002248c    00000038              : linkdb.o (.text)
                  000224c4    00000038              : ll_ae.o (.text)
                  000224fc    00000038              : ll_ae.o (.text)
                  00022534    00000038              : ll_common.o (.text)
                  0002256c    00000038              : ll_common.o (.text)
                  000225a4    00000038              : ll_scheduler.o (.text)
                  000225dc    00000038              : ll_scheduler.o (.text)
                  00022614    00000038              : ll_scheduler.o (.text)
                  0002264c    00000038              : ll_scheduler.o (.text)
                  00022684    00000038              : sm_pairing.o (.text)
                  000226bc    00000038     StackWrapper.a : gattservapp_util.o (.text)
                  000226f4    00000038                    : osal_timers.o (.text)
                  0002272c    00000038     libc.a : autoinit.c.obj (.text:__TI_auto_init_nobinit_nopinit)
                  00022764    00000036     drivers_cc26x4.a : CryptoUtils.c.obj (.text.CryptoUtils_buffersMatch)
                  0002279a    00000036     icall.o (.text.ICall_fetchServiceMsg)
                  000227d0    00000036     ti_sysbios_config.o (.text.SwiP_construct)
                  00022806    00000036     OneLib.a : att_util.o (.text)
                  0002283c    00000036              : ll_common.o (.text)
                  00022872    00000036     StackWrapper.a : ble_dispatch_lite.o (.text)
                  000228a8    00000034     drivers_cc26x4.a : AESCCMCC26X4.c.obj (.text.AESCCM_cleanup)
                  000228dc    00000034                      : AESCCMCC26X4.c.obj (.text.AESGetDefaultCCMCtrlValue)
                  00022910    00000034     icall.o (.text.ICall_searchTask)
                  00022944    00000034     driverlib.lib : prcm.c.obj (.text.NOROM_PRCMPowerDomainOff)
                  00022978    00000034                   : trng.c.obj (.text.NOROM_TRNGConfigure)
                  000229ac    00000034     nvocmp.o (.text.NVOCMP_changePageState)
                  000229e0    00000034     nvocmp.o (.text.NVOCMP_findPage)
                  00022a14    00000034     drivers_cc26x4.a : PowerCC26X2_calibrateRCOSC_helpers.c.obj (.text.PowerCC26X2_setAclkRefSrc)
                  00022a48    00000034                      : PowerCC26X2.c.obj (.text.Power_releaseConstraint)
                  00022a7c    00000034     rf_multiMode_cc26x4.a : RFCC26X2_multiMode.c.cc26x4.ticlang.o (.text.RF_powerConstraintRelease)
                  00022ab0    00000034                           : RFCC26X2_multiMode.c.cc26x4.ticlang.o (.text.RF_runDirectImmediateCmd)
                  00022ae4    00000034     simple_peripheral.o (.text.SimplePeripheral_doSelectConn)
                  00022b18    00000034     util.o (.text.Util_enqueueMsg)
                  00022b4c    00000034     ti_sysbios_config.o (.text._pthread_cleanupFxn)
                  00022b80    00000034     drivers_cc26x4.a : NVSCC26XX.c.obj (.text.disableFlashCache)
                  00022bb4    00000034                      : SPICC26X4DMA.c.obj (.text.flushFifos)
                  00022be8    00000034     ti_sysbios_config.o (.text.ti_sysbios_family_arm_v8m_Hwi_getStackInfo)
                  00022c1c    00000034     ti_sysbios_config.o (.text.ti_sysbios_family_arm_v8m_Hwi_init)
                  00022c50    00000034     ti_sysbios_config.o (.text.ti_sysbios_knl_Clock_Instance_init)
                  00022c84    00000034     ti_sysbios_config.o (.text.ti_sysbios_knl_Task_unblockI)
                  00022cb8    00000034     ti_sysbios_config.o (.text.ti_sysbios_runtime_Error_raiseX)
                  00022cec    00000034     OneLib.a : att_server.o (.text)
                  00022d20    00000034              : gap_configmgr.o (.text)
                  00022d54    00000034              : gap_task.o (.text)
                  00022d88    00000034              : gatt_client.o (.text)
                  00022dbc    00000034              : gatt_server.o (.text)
                  00022df0    00000034              : hci.o (.text)
                  00022e24    00000034              : l2cap_util.o (.text)
                  00022e58    00000034              : ll.o (.text)
                  00022e8c    00000034              : ll.o (.text)
                  00022ec0    00000034              : ll.o (.text)
                  00022ef4    00000034              : ll_ae.o (.text)
                  00022f28    00000034              : ll_common.o (.text)
                  00022f5c    00000034              : ll_common.o (.text)
                  00022f90    00000034              : ll_scheduler.o (.text)
                  00022fc4    00000034              : sm_pairing.o (.text)
                  00022ff8    00000034     StackWrapper.a : gapbondmgr.o (.text)
                  0002302c    00000034                    : osal.o (.text)
                  00023060    00000034     sysbios.a : boot_cortex_m.c.obj (.text:_c_int00)
                  00023094    00000032     ti_sysbios_config.o (.text.ti_sysbios_knl_Event_pendTimeout)
                  000230c6    00000032     ti_sysbios_config.o (.text.ti_sysbios_knl_Semaphore_pendTimeout)
                  000230f8    00000032     OneLib.a : linkdb.o (.text)
                  0002312a    00000032              : ll_ae.o (.text)
                  0002315c    00000032              : smp.o (.text)
                  0002318e    00000002     rom_init.o (.text.MAP_llProcessCentralConnectionCreated)
                  00023190    00000030     drivers_cc26x4.a : AESCCMCC26X4.c.obj (.text.AESCCM_generateIntermediateDigest)
                  000231c0    00000030     ti_sysbios_config.o (.text.BIOS_init)
                  000231f0    00000030     ti_drivers_config.o (.text.Board_wakeUpExtFlash)
                  00023220    00000030     ti_sysbios_config.o (.text.ClockP_construct)
                  00023250    00000030     drivers_cc26x4.a : GPIOCC26XX.c.obj (.text.GPIO_setInterruptConfig)
                  00023280    00000030     icall.o (.text.ICall_primEntityId2ServiceId)
                  000232b0    00000030     driverlib.lib : aes.c.obj (.text.NOROM_AESStartDMAOperation)
                  000232e0    00000030                   : prcm.c.obj (.text.NOROM_PRCMPowerDomainOn)
                  00023310    00000030                   : sys_ctrl.c.obj (.text.NOROM_SysCtrlIdle)
                  00023340    00000030     drivers_cc26x4.a : NVSCC26XX.c.obj (.text.NVSCC26XX_erase)
                  00023370    00000030                      : PowerCC26X2_helpers.c.obj (.text.PowerCC26X2_oscDisableQualifiers)
[...]
20004a2c  nvFptrs                                                          
20004a68  advDataEntry                                                     
20004aa0  rxRingBuf                                                        
20004ad0  l2capFixedChannels                                               
20004b00  linkCBs                                                          
20004b30  extScanParam                                                     
20004b60  ti_sysbios_knl_Swi_readyQs                                       
20004b90  ti_sysbios_knl_Task_readyQs                                      
20004bc0  rfSetup                                                          
20004bec  aesecbCC26XXObjects                                              
20004c14  operationCCM                                                     
20004c38  trxTestCmd                                                       
20004c58  req                                                              
20004c78  extScanCmd                                                       
20004c98  extInitCmd                                                       
20004cb8  localPrivKeyMaterial                                             
20004cd8  enckey                                                           
20004cf8  gapBond_remoteOobData                                            
20004d18  gapBond_localOobData                                             
20004d38  ecdhCC26X2Objects                                                
20004d58  ti_sysbios_runtime_System_atexitHandlers                         
20004d78  udmaCC26XXObject                                                 
20004db4  gapParams                                                        
20004dd0  BIOS_heapCallbackObject                                          
20004dec  BIOS_rtsGate                                                     
20004e08  CryptoResourceCC26XX_hwi                                         
20004e24  PKAResourceCC26XX_hwi                                            
20004e40  deviceName                                                       
20004e58  rsp                                                              
20004e84  rxTestParam                                                      
20004e98  connOutput                                                       
20004eac  deviceFeatureSet                                                 
20004ec0  operationComputeSharedSecret                                     
20004ed4  spMenuAutoConnect                                                
20004ee8  spMenuConnPhy                                                    
20004efc  spMenuMain                                                       
20004f10  spMenuPerConn                                                    
20004f24  spMenuSelectConn                                                 
20004f38  advDataQueue                                                     
20004f48  rxDataQ                                                          
20004f58  gapConfig_SRK                                                    
20004f68  eccParams                                                        
20004f78  localPrivateKey                                                  
20004f88  localPublicKey                                                   
20004f98  operationGeneratePublicKey                                       
20004fa8  remotePublicKey                                                  
20004fb8  sharedSecret                                                     
20004fc8  cryptoKey                                                        
20004fd8  operationECB                                                     
20004fe8  encParamsCCM                                                     
20004ff8  encParamsECB                                                     
20005017  att_sendRspOnly                                                  
20005018  rxTestOut                                                        
20005024  cachedTRNGdata                                                   
20005030  llTaskList                                                       
20005044  gapCurrentRandomAddr                                             
2000504c  peripheralUpdateReq                                              
20005054  gattReTxList                                                     
2000505c  pBleEvtMask                                                      
20005064  pHciEvtMask                                                      
2000506c  pHciEvtMask2                                                     
20005074  ownRandomAddr                                                    
2000507c  llConns                                                          
20005084  ownPublicAddr                                                    
2000508c  verInfo                                                          
20005094  ownSavedPublicAddr                                               
2000509c  secondaryAdvChannelMap                                           
200050a4  defaultChannelMap                                                
200050b0  rfEvent                                                          
200050b8  llRfCmdPreemption                                                
200050c0  llConnEvtNotice                                                  
200050c8  privInfo                                                         
200050dc  attClientNotifyTxCB                                              
200050e0  attServerNotifyTxCB                                              
200050e4  linkCmd                                                          
200050e8  linkParam                                                        
200050ec  txDataQ                                                          
200050f0  pGapAdvHostInfo                                                  
200050f4  connEvtCB                                                        
200050f8  pAuthLink                                                        
200050fc  pfnPeripheralConnCBs                                             
20005100  pfnCentralConnCBs                                                
20005104  pGapPeripheralConnCBs                                            
20005108  pfnBondMgrCBs                                                    
2000510c  ggs_AppCBs                                                       
20005110  clientInfoTbl                                                    
20005114  pClientSecCBs                                                    
20005118  pServiceList                                                     
2000511c  serverInfoTbl                                                    
20005120  pfnClientProcessMsgCB                                            
20005124  pfnServerProcessMsgCB                                            
2000512c  serviceCBsList                                                   
20005130  prepareWritesTbl                                                 
20005134  pAttrValue                                                       
20005138  l2capPsm                                                         
2000513c  l2capChannels                                                    
20005140  linkDB                                                           
20005144  BDAddrPerConnHandle                                              
20005148  rfDrvTblPtr                                                      
2000514c  rfHandle                                                         
20005150  taskEndAction                                                    
20005154  SysBootMsg                                                       
20005158  sclkSrc                                                          
2000515c  extStackSettings                                                 
20005160  rfMode                                                           
20005164  eccDrvTblPtr                                                     
20005168  cryptoDrvTblPtr                                                  
2000516c  trngDrvTblPtr                                                    
20005170  rtosApiTblPtr                                                    
20005174  trngHandle                                                       
20005178  dtmInfo                                                          
2000517c  activeConns                                                      
20005180  pRfPathComp                                                      
20005184  extScanInfo                                                      
20005188  extInitInfo                                                      
2000518c  advSetList                                                       
20005190  pNextAdvSet                                                      
20005194  alTable                                                          
20005198  alTableScan                                                      
2000519c  ecdhHandle                                                       
200051a0  operationResult                                                  
200051a4  drbgHandle                                                       
200051a8  encHandleECB                                                     
200051ac  encHandleCCM                                                     
200051b0  resolvingList                                                    
200051b4  pRpaCfg                                                          
200051b8  pRXWindowTask                                                    
200051bc  pPairingParams                                                   
200051c0  pfnInitiatorCBs                                                  
200051c4  pfnResponderCBs                                                  
200051c8  pSmResponderCBs                                                  
200051cc  gapBond_lruBondList                                              
200051d0  gapBondStateNodeHead                                             
200051d4  osal_syncHandle                                                  
200051d8  osal_icallMsg_hook                                               
200051dc  osal_qHead                                                       
200051e0  osal_max_msecs                                                   
200051e4  osal_tickperiod                                                  
200051e8  osal_eventloop_hook                                              
200051f4  OSAL_timeSeconds                                                 
200051fc  osal_last_timestamp                                              
20005200  timerHead                                                        
20005204  HEAPMGR_SIZE                                                     
20005208  PowerCC26XX_swiKey                                               
2000520c  PowerCC26XX_taskKey                                              
20005210  tasksEvents                                                      
20005214  ti_sysbios_family_arm_v8m_cc26x4_Timer_funcHookCH1               
20005218  ti_sysbios_family_arm_v8m_cc26x4_Timer_funcHookCH2               
2000521c  ti_sysbios_family_arm_v8m_cc26x4_TimestampProvider_Module_state  
20005220  ti_sysbios_knl_Task_defaultStackHeap                             
20005224  attrLen                                                          
20005226  numHostBufs                                                      
20005228  supportedMaxTxOctets                                             
2000522a  supportedMaxTxTime                                               
2000522c  connInitialMaxTxOctets                                           
2000522e  connInitialMaxTxTime                                             
20005230  connInitialMaxTxTimeUncoded                                      
20005232  connInitialMaxTxTimeCoded                                        
20005234  maximumPduSize                                                   
20005236  buildInfo                                                        
20005238  rfCfgAdiVal                                                      
2000523a  rfCmdHandle                                                      
2000523c  postRfOperations                                                 
2000523e  supportedMaxRxOctets                                             
20005240  supportedMaxRxTime                                               
20005242  taskEndStatus                                                    
20005246  pwrmgr_attribute                                                 
20005248  advInit                                                          
20005249  updateState                                                      
2000524a  advCount                                                         
2000524b  gapDeviceAddrMode                                                
2000524c  gapProfileRole                                                   
2000524d  gapState                                                         
2000524e  terminateReason                                                  
2000524f  gapTaskID                                                        
20005250  resolvablePrivateAddressOnly                                     
20005251  gattNumConns                                                     
20005252  gattTaskID                                                       
20005253  GATTServApp_TaskID                                               
20005254  GATTServApp_att_delayed_req                                      
20005255  maxNumPrepareWrites                                              
20005256  hciPTMenabled                                                    
20005257  ctrlToHostEnable                                                 
20005258  hciSmpTaskID                                                     
20005259  hciGapTaskID                                                     
2000525a  hciTaskID                                                        
2000525b  hciTestTaskID                                                    
2000525c  hciL2capTaskID                                                   
2000525d  hciVsEvtMask                                                     
2000525e  l2capFlowCtrlMode                                                
2000525f  l2capNumDataPkts                                                 
20005260  l2capTaskID                                                      
20005261  l2capNumCoChannels                                               
20005262  l2capNumPSM                                                      
20005263  l2capNumChannels                                                 
20005264  l2cap_gattServAppTaskID                                          
20005265  l2capId                                                          
20005266  linkDBNumConns                                                   
20005267  linkDB_secureConnectionOnlyMode                                  
20005268  llState                                                          
20005269  randomAddressConfigured                                          
2000526a  curTxPowerVal                                                    
2000526b  rssiCorrection                                                   
2000526c  LL_TaskID                                                        
2000526d  maxNumTxDataBufs                                                 
2000526e  maxNumConns                                                      
2000526f  rfFeModeBias                                                     
20005270  maxNumCteDataBufs                                                
20005271  maxTxPwrForDTM                                                   
20005272  qosDefaultPriorityAdvParameter                                   
20005273  secondaryAdvChannelMapPopCount                                   
20005274  numTxDataBufs                                                    
20005275  defaultPhy                                                       
20005276  onePktPerEvt                                                     
20005277  numComplPkts                                                     
20005278  numComplPktsLimit                                                
20005279  numComplPktsFlush                                                
2000527a  fastTxRespTime                                                   
2000527b  slOverride                                                       
2000527c  rxFifoFlowCtrl                                                   
2000527d  scanReqRpt                                                       
2000527e  aeCurAdvEnableHandle                                             
2000527f  aeCurHandle                                                      
20005280  numActiveAdvSets                                                 
20005281  extScanIndex                                                     
20005282  extInitIndex                                                     
20005283  aeCurConnHandle                                                  
20005284  rlSize                                                           
20005285  alSize                                                           
20005286  llUnhandleNextIntFlag                                            
20005287  smReadLocalP256PublicKeyStatus                                   
20005288  smGenerateDHKeyStatus                                            
20005289  smAuthenPairingOnlyMode                                          
2000528a  smExpectAppKeysInd                                               
2000528b  smTaskID                                                         
2000528c  icall_liteTaskId                                                 
2000528d  gapBond_removeLRUBond                                            
2000528e  gapBond_syncRL                                                   
2000528f  assertSubcause                                                   
20005290  osal_entity                                                      
20005291  pwrmgr_initialized                                               
20005292  NVOCMP_size                                                      
20005293  gAction                                                          
20005294  nvsCC26XXObjects                                                 
20005295  tbmRowItemLast                                                   
20005300  ti_sysbios_family_arm_v8m_Hwi_ramVectors                         
200053fc  heapStart                                                        
2003fc00  __stack                                                          
2003fc00  heapEnd                                                          
20040000  __STACK_END                                                      
20040000  __STACK_TOP                                                      
20040000  __UNUSED_SRAM_end__                                              
50000000  __ccfg                                                           
ffffffff  __TI_pprof_out_hndl                                              
ffffffff  __TI_prof_data_size                                              
ffffffff  __TI_prof_data_start                                             
ffffffff  __binit__                                                        
ffffffff  binit                                                            
UNDEFED   ITM_flush                                                        
UNDEFED   ITM_restore                                                      
UNDEFED   __c_args__                                                       
UNDEFED   __mpu_init                                                       

[2183 symbols]
